19:42:22 **** Build of configuration Debug for project adc ****
make pre-build main-build 
a9-linaro-pre-build-step
' '
'Building file: ../src/main.c'
'Invoking: ARM v7 gcc compiler'
arm-none-eabi-gcc -Wall -O0 -g3 -c -fmessage-length=0 -MT"src/main.o" -mcpu=cortex-a9 -mfpu=vfpv3 -mfloat-abi=hard -I../../adc_bsp/ps7_cortexa9_0/include -MMD -MP -MF"src/main.d" -MT"src/main.o" -o "src/main.o" "../src/main.c"
'Finished building: ../src/main.c'
' '
'Building target: adc.elf'
'Invoking: ARM v7 gcc linker'
arm-none-eabi-gcc -mcpu=cortex-a9 -mfpu=vfpv3 -mfloat-abi=hard -Wl,-build-id=none -specs=Xilinx.spec -Wl,-T -Wl,../src/lscript.ld -L../../adc_bsp/ps7_cortexa9_0/lib -o "adc.elf"  ./src/main.o   -Wl,--start-group,-lxil,-lgcc,-lc,--end-group
'Finished building target: adc.elf'
' '
'Invoking: ARM v7 Print Size'
arm-none-eabi-size adc.elf  |tee "adc.elf.size"
   text	   data	    bss	    dec	    hex	filename
  39012	   2788	  22712	  64512	   fc00	adc.elf
'Finished building: adc.elf.size'
' '

19:42:23 Build Finished (took 659ms)

